mysql> 
mysql> CREATE TABLE `m_place` (
    ->           `place_no` int NOT NULL AUTO_INCREMENT PRIMARY KEY COMMENT "県NO",
    ->           `place_name` VARCHAR(100) NOT NULL COMMENT "県名",
    ->         ) ENGINE=InnoDB DEFAULT CHARSET=utf8;
ERROR 1064 (42000): You have an error in your SQL syntax; check the manual that corresponds to your MySQL server version for the right syntax to use near ') ENGINE=InnoDB DEFAULT CHARSET=utf8' at line 4
mysql> CREATE TABLE `m_place` (
    ->           `place_no` int NOT NULL AUTO_INCREMENT PRIMARY KEY COMMENT "県NO",
    ->           `place_name` VARCHAR(100) NOT NULL COMMENT "県名"
    ->         ) ENGINE=InnoDB DEFAULT CHARSET=utf8;
Query OK, 0 rows affected (0.18 sec)

mysql> INSERT INTO m_place (place_no, place_name) VALUES
    -> ('01', '北海道'),
    -> ('02', '青森県'),
    -> ('03', '岩手県'),
    -> ('04', '宮城県'),
    -> ('05', '秋田県'),
    -> ('06', '山形県'),
    -> ('07', '福島県'),
    -> ('08', '茨城県'),
    -> ('09', '栃木県'),
    -> ('10', '群馬県'),
    -> ('11', '埼玉県'),
    -> ('12', '千葉県'),
    -> ('13', '東京都'),
    -> ('14', '神奈川県'),
    -> ('15', '新潟県'),
    -> ('16', '富山県'),
    -> ('17', '石川県'),
    -> ('18', '福井県'),
    -> ('19', '山梨県'),
    -> ('20', '長野県'),
    -> ('21', '岐阜県'),
    -> ('22', '静岡県'),
    -> ('23', '愛知県'),
    -> ('24', '三重県'),
    -> ('25', '滋賀県'),
    -> ('26', '京都府'),
    -> ('27', '大阪府'),
    -> ('28', '兵庫県'),
    -> ('29', '奈良県'),
    -> ('30', '和歌山県'),
    -> ('31', '鳥取県'),
    -> ('32', '島根県'),
    -> ('33', '岡山県'),
    -> ('34', '広島県'),
    -> ('35', '山口県'),
    -> ('36', '徳島県'),
    -> ('37', '香川県'),
    -> ('38', '愛媛県'),
    -> ('39', '高知県'),
    -> ('40', '福岡県'),
    -> ('41', '佐賀県'),
    -> ('42', '長崎県'),
    -> ('43', '熊本県'),
    -> ('44', '大分県'),
    -> ('45', '宮崎県'),
    -> ('46', '鹿児島県'),
    -> ('47', '沖縄県');
Query OK, 47 rows affected (0.04 sec)
Records: 47  Duplicates: 0  Warnings: 0

mysql> SELECT * FROM m_place;
+----------+--------------+
| place_no | place_name   |
+----------+--------------+
|        1 | 北海道       |
|        2 | 青森県       |
|        3 | 岩手県       |
|        4 | 宮城県       |
|        5 | 秋田県       |
|        6 | 山形県       |
|        7 | 福島県       |
|        8 | 茨城県       |
|        9 | 栃木県       |
|       10 | 群馬県       |
|       11 | 埼玉県       |
|       12 | 千葉県       |
|       13 | 東京都       |
|       14 | 神奈川県     |
|       15 | 新潟県       |
|       16 | 富山県       |
|       17 | 石川県       |
|       18 | 福井県       |
|       19 | 山梨県       |
|       20 | 長野県       |
|       21 | 岐阜県       |
|       22 | 静岡県       |
|       23 | 愛知県       |
|       24 | 三重県       |
|       25 | 滋賀県       |
|       26 | 京都府       |
|       27 | 大阪府       |
|       28 | 兵庫県       |
|       29 | 奈良県       |
|       30 | 和歌山県     |
|       31 | 鳥取県       |
|       32 | 島根県       |
|       33 | 岡山県       |
|       34 | 広島県       |
|       35 | 山口県       |
|       36 | 徳島県       |
|       37 | 香川県       |
|       38 | 愛媛県       |
|       39 | 高知県       |
|       40 | 福岡県       |
|       41 | 佐賀県       |
|       42 | 長崎県       |
|       43 | 熊本県       |
|       44 | 大分県       |
|       45 | 宮崎県       |
|       46 | 鹿児島県     |
|       47 | 沖縄県       |
+----------+--------------+
47 rows in set (0.01 sec)

mysql> SELECT * FROM m_profiles JOIN m_place ON m_profiles.id = m_place.id;
ERROR 1054 (42S22): Unknown column 'm_place.id' in 'on clause'
mysql> SELECT * FROM m_profiles JOIN m_place ON m_profiles.id = m_place.place_name;
Empty set (0.00 sec)

mysql> SELECT * FROM m_profiles JOIN m_place ON m_profiles.id = m_place.place_name;
Empty set (0.00 sec)

mysql> SELECT * FROM m_profiles;
+------+-----------------+-----------------------+------+-----------------------+-------+------+---------------------+---------------------+
| id   | name            | kana                  | age  | profile               | place | sex  | created             | modified            |
+------+-----------------+-----------------------+------+-----------------------+-------+------+---------------------+---------------------+
| 1    | 佐藤　治郎      | サトウジロウ          | 23   | プロフィール３        | 35    | 1    | 2024-08-28 23:41:22 | 2024-08-28 23:41:22 |
| 2    | 山田　太郎      | ヤマダタロウ          | 21   | プロフィール１        | 20    | 1    | 2024-08-28 23:41:22 | 2024-08-28 23:41:22 |
| 3    | 鈴木　一朗      | スズキイチロウ        | 33   | プロフィール２        | 30    | 1    | 2024-08-28 23:41:22 | 2024-08-28 23:41:22 |
+------+-----------------+-----------------------+------+-----------------------+-------+------+---------------------+---------------------+
3 rows in set (0.00 sec)

mysql> SELECT * FROM m_profiles JOIN m_place ON m_profiles.name = m_place.place_name;
Empty set (0.00 sec)

mysql> INSERT INTO users (id, name, m_place.place_name) VALUES
    -> (1, '山田太郎', '13'),
    -> (2, '鈴木次郎', '27'),
    -> (3, '佐藤三郎', '01');
ERROR 1146 (42S02): Table 'test_db.users' doesn't exist
mysql> 
mysql> INSERT INTO m_profiles (id, name, m_place.place_name) VALUES
    -> (1, '山田太郎', '13'),
    -> (2, '鈴木次郎', '27'),
    -> (3, '佐藤三郎', '01');
ERROR 1054 (42S22): Unknown column 'm_place.place_name' in 'field list'
mysql> SELECT * FROM m_users JOIN m_profiles ON m_users.id = m_profiles.id;
+----+---------------+------------------------+----------+---------------------+---------------------+------+-----------------+-----------------------+------+-----------------------+-------+------+---------------------+---------------------+
| id | user_name     | mail_address           | password | created             | modified            | id   | name            | kana                  | age  | profile               | place | sex  | created             | modified            |
+----+---------------+------------------------+----------+---------------------+---------------------+------+-----------------+-----------------------+------+-----------------------+-------+------+---------------------+---------------------+
|  1 | Yamada Tarou  | Yamada_Tarou@gmail.com | 123123   | 2024-08-27 10:29:05 | 2024-08-27 10:29:05 | 1    | 佐藤　治郎      | サトウジロウ          | 23   | プロフィール３        | 35    | 1    | 2024-08-28 23:41:22 | 2024-08-28 23:41:22 |
|  2 | Suzuki Hanako | suzuki@gmail.com       | 123123   | 2024-08-27 10:29:05 | 2024-08-27 10:29:05 | 2    | 山田　太郎      | ヤマダタロウ          | 21   | プロフィール１        | 20    | 1    | 2024-08-28 23:41:22 | 2024-08-28 23:41:22 |
|  3 | Sato   Jiro   | sato@gmail.com         | 123123   | 2024-08-27 10:29:05 | 2024-08-27 10:29:05 | 3    | 鈴木　一朗      | スズキイチロウ        | 33   | プロフィール２        | 30    | 1    | 2024-08-28 23:41:22 | 2024-08-28 23:41:22 |
+----+---------------+------------------------+----------+---------------------+---------------------+------+-----------------+-----------------------+------+-----------------------+-------+------+---------------------+---------------------+
3 rows in set (0.02 sec)

mysql> SELECT *
    -> FROM m_profiles
    -> JOIN m_place ON m_profiles.place = m_place.place_no;
+------+-----------------+-----------------------+------+-----------------------+-------+------+---------------------+---------------------+----------+--------------+
| id   | name            | kana                  | age  | profile               | place | sex  | created             | modified            | place_no | place_name   |
+------+-----------------+-----------------------+------+-----------------------+-------+------+---------------------+---------------------+----------+--------------+
| 1    | 佐藤　治郎      | サトウジロウ          | 23   | プロフィール３        | 35    | 1    | 2024-08-28 23:41:22 | 2024-08-28 23:41:22 |       35 | 山口県       |
| 2    | 山田　太郎      | ヤマダタロウ          | 21   | プロフィール１        | 20    | 1    | 2024-08-28 23:41:22 | 2024-08-28 23:41:22 |       20 | 長野県       |
| 3    | 鈴木　一朗      | スズキイチロウ        | 33   | プロフィール２        | 30    | 1    | 2024-08-28 23:41:22 | 2024-08-28 23:41:22 |       30 | 和歌山県     |
+------+-----------------+-----------------------+------+-----------------------+-------+------+---------------------+---------------------+----------+--------------+
3 rows in set (0.01 sec)

mysql> 
